[preview.colorlib.com/theme/mypodcast/index.html]
[backblue.gif]
[fade.gif]
[index.html]
[preview.colorlib.com/theme/mypodcast/styles/bootstrap-4.1.2/bootstrap.min.css]
[preview.colorlib.com/theme/mypodcast/plugins/font-awesome-4.7.0/css/font-awesome.min.css]
[preview.colorlib.com/theme/mypodcast/plugins/colorbox/colorbox.css]
[preview.colorlib.com/theme/mypodcast/styles/main_styles.css]
[preview.colorlib.com/theme/mypodcast/styles/responsive.css]
[preview.colorlib.com/theme/mypodcast/images/play.png]
[preview.colorlib.com/theme/mypodcast/index-2.html]
[preview.colorlib.com/theme/mypodcast/about.html]
[preview.colorlib.com/theme/mypodcast/episodes.html]
[preview.colorlib.com/theme/mypodcast/blog.html]
[preview.colorlib.com/theme/mypodcast/contact.html]
[preview.colorlib.com/theme/mypodcast/images/index.jpg]
[preview.colorlib.com/theme/mypodcast/episode.html]
[preview.colorlib.com/theme/mypodcast/images/show_1.jpg]
[preview.colorlib.com/theme/mypodcast/images/play.svg]
[preview.colorlib.com/theme/mypodcast/images/heart.svg]
[preview.colorlib.com/theme/mypodcast/images/speech-bubble.svg]
[preview.colorlib.com/theme/mypodcast/images/show_2.jpg]
[preview.colorlib.com/theme/mypodcast/images/show_3.jpg]
[preview.colorlib.com/theme/mypodcast/images/play_2.png]
[preview.colorlib.com/theme/mypodcast/images/show_4.jpg]
[preview.colorlib.com/theme/mypodcast/images/show_5.jpg]
[preview.colorlib.com/theme/mypodcast/images/show_6.jpg]
[preview.colorlib.com/theme/mypodcast/images/show_7.jpg]
[preview.colorlib.com/theme/mypodcast/images/gallery_1_large.jpg]
[preview.colorlib.com/theme/mypodcast/images/gallery_1.jpg]
[preview.colorlib.com/theme/mypodcast/images/gallery_2_large.jpg]
[preview.colorlib.com/theme/mypodcast/images/gallery_2.jpg]
[preview.colorlib.com/theme/mypodcast/images/gallery_3_large.jpg]
[preview.colorlib.com/theme/mypodcast/images/gallery_3.jpg]
[preview.colorlib.com/theme/mypodcast/images/gallery_4_large.jpg]
[preview.colorlib.com/theme/mypodcast/images/gallery_4.jpg]
[preview.colorlib.com/theme/mypodcast/images/gallery_5_large.jpg]
[preview.colorlib.com/theme/mypodcast/images/gallery_5.jpg]
[preview.colorlib.com/theme/mypodcast/js/jquery-3.3.1.min.js]
[preview.colorlib.com/theme/mypodcast/styles/bootstrap-4.1.2/popper.js]
[preview.colorlib.com/theme/mypodcast/styles/bootstrap-4.1.2/bootstrap.min.js]
[preview.colorlib.com/theme/mypodcast/plugins/greensock/TweenMax.min.js]
[preview.colorlib.com/theme/mypodcast/plugins/greensock/TimelineMax.min.js]
[preview.colorlib.com/theme/mypodcast/plugins/scrollmagic/ScrollMagic.min.js]
[preview.colorlib.com/theme/mypodcast/plugins/greensock/animation.gsap.min.js]
[preview.colorlib.com/theme/mypodcast/plugins/greensock/ScrollToPlugin.min.js]
[preview.colorlib.com/theme/mypodcast/plugins/easing/easing.js]
[preview.colorlib.com/theme/mypodcast/plugins/colorbox/jquery.colorbox-min.js]
[preview.colorlib.com/theme/mypodcast/plugins/progressbar/progressbar.min.js]
[preview.colorlib.com/theme/mypodcast/plugins/parallax-js-master/parallax.min.js]
[preview.colorlib.com/theme/mypodcast/js/custom.js]
[preview.colorlib.com/theme/mypodcast/index.html]
[preview.colorlib.com/theme/mypodcast/styles/bootstrap-4.1.2/bootstrap.min.css]
[preview.colorlib.com/theme/mypodcast/plugins/font-awesome-4.7.0/fonts/fontawesome-webfont3e6e.eot]
[preview.colorlib.com/theme/mypodcast/plugins/font-awesome-4.7.0/fonts/fontawesome-webfontd41d.eot]
[preview.colorlib.com/theme/mypodcast/plugins/font-awesome-4.7.0/fonts/fontawesome-webfont3e6e.woff2]
[preview.colorlib.com/theme/mypodcast/plugins/font-awesome-4.7.0/fonts/fontawesome-webfont3e6e.woff]
[preview.colorlib.com/theme/mypodcast/plugins/font-awesome-4.7.0/fonts/fontawesome-webfont3e6e.ttf]
[preview.colorlib.com/theme/mypodcast/plugins/font-awesome-4.7.0/css/font-awesome.min.css]
[preview.colorlib.com/theme/mypodcast/plugins/colorbox/images/controls.png]
[preview.colorlib.com/theme/mypodcast/plugins/colorbox/images/border.png]
[preview.colorlib.com/theme/mypodcast/plugins/font-awesome-4.7.0/fonts/fontawesome-webfont3e6e.svg]
[preview.colorlib.com/theme/mypodcast/plugins/colorbox/images/loading_background.png]
[preview.colorlib.com/theme/mypodcast/plugins/colorbox/images/loading.gif]
[preview.colorlib.com/theme/mypodcast/plugins/colorbox/colorbox.css]
[preview.colorlib.com/theme/mypodcast/styles/main_styles.css]
[preview.colorlib.com/theme/mypodcast/styles/responsive.css]
[preview.colorlib.com/cdn-cgi/zaraz/sd0d9.js]
[preview.colorlib.com/theme/mypodcast/index-2.html]
[preview.colorlib.com/theme/mypodcast/styles/about.css]
[preview.colorlib.com/theme/mypodcast/styles/about_responsive.css]
[preview.colorlib.com/theme/mypodcast/images/alarm-clock.svg]
[preview.colorlib.com/theme/mypodcast/images/speaker.svg]
[preview.colorlib.com/theme/mypodcast/images/film.svg]
[preview.colorlib.com/theme/mypodcast/images/television.svg]
[preview.colorlib.com/theme/mypodcast/images/man.png]
[preview.colorlib.com/theme/mypodcast/js/about.js]
[preview.colorlib.com/theme/mypodcast/about.html]
[preview.colorlib.com/theme/mypodcast/styles/episodes.css]
[preview.colorlib.com/theme/mypodcast/styles/episodes_responsive.css]
[preview.colorlib.com/theme/mypodcast/images/search.png]
[preview.colorlib.com/theme/mypodcast/images/episode_1.jpg]
[preview.colorlib.com/theme/mypodcast/images/episode_2.jpg]
[preview.colorlib.com/theme/mypodcast/images/episode_3.jpg]
[preview.colorlib.com/theme/mypodcast/images/episode_4.jpg]
[preview.colorlib.com/theme/mypodcast/images/episode_5.jpg]
[preview.colorlib.com/theme/mypodcast/plugins/jPlayer/jquery.jplayer.min.js]
[preview.colorlib.com/theme/mypodcast/plugins/jPlayer/jplayer.playlist.min.js]
[preview.colorlib.com/theme/mypodcast/plugins/Isotope/isotope.pkgd.min.js]
[preview.colorlib.com/theme/mypodcast/js/episodes.js]
[preview.colorlib.com/theme/mypodcast/episodes.html]
[preview.colorlib.com/theme/mypodcast/styles/blog.css]
[preview.colorlib.com/theme/mypodcast/styles/blog_responsive.css]
[preview.colorlib.com/theme/mypodcast/images/blog_1.jpg]
[preview.colorlib.com/theme/mypodcast/images/blog_2.jpg]
[preview.colorlib.com/theme/mypodcast/images/blog_3.jpg]
[preview.colorlib.com/theme/mypodcast/js/blog.js]
[preview.colorlib.com/theme/mypodcast/blog.html]
[preview.colorlib.com/theme/mypodcast/styles/contact.css]
[preview.colorlib.com/theme/mypodcast/styles/contact_responsive.css]
[preview.colorlib.com/theme/mypodcast/js/contact.js]
[preview.colorlib.com/theme/mypodcast/contact.html]
[preview.colorlib.com/theme/mypodcast/styles/episode.css]
[preview.colorlib.com/theme/mypodcast/styles/episode_responsive.css]
[preview.colorlib.com/theme/mypodcast/images/guest_1.jpg]
[preview.colorlib.com/theme/mypodcast/images/guest_2.jpg]
[preview.colorlib.com/theme/mypodcast/images/guest_3.jpg]
[preview.colorlib.com/theme/mypodcast/images/user_1.jpg]
[preview.colorlib.com/theme/mypodcast/images/user_2.jpg]
[preview.colorlib.com/theme/mypodcast/js/episode.js]
[preview.colorlib.com/theme/mypodcast/episode.html]
[preview.colorlib.com/theme/mypodcast/images/play.svg]
[preview.colorlib.com/theme/mypodcast/images/heart.svg]
[preview.colorlib.com/theme/mypodcast/images/speech-bubble.svg]
[preview.colorlib.com/theme/mypodcast/plugins/font-awesome-4.7.0/fonts/fontawesome-webfont3e6e.svg]
[preview.colorlib.com/theme/mypodcast/styles/about.css]
[preview.colorlib.com/theme/mypodcast/styles/about_responsive.css]
[preview.colorlib.com/theme/mypodcast/images/alarm-clock.svg]
[preview.colorlib.com/theme/mypodcast/images/speaker.svg]
[preview.colorlib.com/theme/mypodcast/images/film.svg]
[preview.colorlib.com/theme/mypodcast/images/television.svg]
[preview.colorlib.com/theme/mypodcast/images/play-2.png]
[preview.colorlib.com/theme/mypodcast/images/pause.png]
[preview.colorlib.com/theme/mypodcast/images/vol.png]
[preview.colorlib.com/theme/mypodcast/images/mute.png]
[preview.colorlib.com/theme/mypodcast/styles/episodes.css]
[preview.colorlib.com/theme/mypodcast/styles/episodes_responsive.css]
[preview.colorlib.com/theme/mypodcast/styles/blog.css]
[preview.colorlib.com/theme/mypodcast/styles/blog_responsive.css]
[preview.colorlib.com/theme/mypodcast/styles/contact.css]
[preview.colorlib.com/theme/mypodcast/styles/contact_responsive.css]
[preview.colorlib.com/theme/mypodcast/images/play-2-white.png]
[preview.colorlib.com/theme/mypodcast/images/pause-white.png]
[preview.colorlib.com/theme/mypodcast/images/vol-white.png]
[preview.colorlib.com/theme/mypodcast/images/mute-white.png]
[preview.colorlib.com/theme/mypodcast/styles/episode.css]
[preview.colorlib.com/theme/mypodcast/styles/episode_responsive.css]
